==========================================
🔥 BLAZING FAST TRAINING MODE 🔥
SLURM Job ID: 519218
Node: gpu38
Start time: Sun Nov 23 02:08:00 PM HKT 2025
==========================================

Configuration:
  Config: config_1.5b_blazing_fast.json
  Expected time: 30-45 minutes

Python: Python 3.12.12
GPUs detected:
Unable to determine the device handle for GPU7: 0000:41:00.0: Unknown Error
0, NVIDIA GeForce RTX 2080 Ti, 11264 MiB
1, NVIDIA GeForce RTX 2080 Ti, 11264 MiB
2, NVIDIA GeForce RTX 2080 Ti, 11264 MiB
3, NVIDIA GeForce RTX 2080 Ti, 11264 MiB
4, NVIDIA GeForce RTX 2080 Ti, 11264 MiB
5, NVIDIA GeForce RTX 2080 Ti, 11264 MiB
6, NVIDIA GeForce RTX 2080 Ti, 11264 MiB

Training with 8 GPUs

==========================================
🚀 Starting BLAZING FAST training at Sun Nov 23 02:08:01 PM HKT 2025
==========================================

